------------------------------------------------------------
Timing Analyzer Summary
------------------------------------------------------------

Type  : Slow 1200mV 85C Model Setup 'clk_50M'
Slack : 6.813
TNS   : 0.000

Type  : Slow 1200mV 85C Model Setup 'u_my_PLL|altpll_component|auto_generated|pll1|clk[0]'
Slack : 8.065
TNS   : 0.000

Type  : Slow 1200mV 85C Model Hold 'clk_50M'
Slack : 0.322
TNS   : 0.000

Type  : Slow 1200mV 85C Model Hold 'u_my_PLL|altpll_component|auto_generated|pll1|clk[0]'
Slack : 0.402
TNS   : 0.000

Type  : Slow 1200mV 85C Model Recovery 'u_my_PLL|altpll_component|auto_generated|pll1|clk[0]'
Slack : 11.354
TNS   : 0.000

Type  : Slow 1200mV 85C Model Recovery 'clk_50M'
Slack : 14.449
TNS   : 0.000

Type  : Slow 1200mV 85C Model Removal 'clk_50M'
Slack : 4.104
TNS   : 0.000

Type  : Slow 1200mV 85C Model Removal 'u_my_PLL|altpll_component|auto_generated|pll1|clk[0]'
Slack : 6.940
TNS   : 0.000

Type  : Slow 1200mV 85C Model Minimum Pulse Width 'clk_50M'
Slack : 9.621
TNS   : 0.000

Type  : Slow 1200mV 85C Model Minimum Pulse Width 'u_my_PLL|altpll_component|auto_generated|pll1|clk[0]'
Slack : 49999.708
TNS   : 0.000

Type  : Slow 1200mV 0C Model Setup 'clk_50M'
Slack : 8.004
TNS   : 0.000

Type  : Slow 1200mV 0C Model Setup 'u_my_PLL|altpll_component|auto_generated|pll1|clk[0]'
Slack : 9.184
TNS   : 0.000

Type  : Slow 1200mV 0C Model Hold 'clk_50M'
Slack : 0.330
TNS   : 0.000

Type  : Slow 1200mV 0C Model Hold 'u_my_PLL|altpll_component|auto_generated|pll1|clk[0]'
Slack : 0.354
TNS   : 0.000

Type  : Slow 1200mV 0C Model Recovery 'u_my_PLL|altpll_component|auto_generated|pll1|clk[0]'
Slack : 12.248
TNS   : 0.000

Type  : Slow 1200mV 0C Model Recovery 'clk_50M'
Slack : 14.952
TNS   : 0.000

Type  : Slow 1200mV 0C Model Removal 'clk_50M'
Slack : 3.866
TNS   : 0.000

Type  : Slow 1200mV 0C Model Removal 'u_my_PLL|altpll_component|auto_generated|pll1|clk[0]'
Slack : 6.336
TNS   : 0.000

Type  : Slow 1200mV 0C Model Minimum Pulse Width 'clk_50M'
Slack : 9.644
TNS   : 0.000

Type  : Slow 1200mV 0C Model Minimum Pulse Width 'u_my_PLL|altpll_component|auto_generated|pll1|clk[0]'
Slack : 49999.709
TNS   : 0.000

Type  : Fast 1200mV 0C Model Setup 'clk_50M'
Slack : 11.574
TNS   : 0.000

Type  : Fast 1200mV 0C Model Setup 'u_my_PLL|altpll_component|auto_generated|pll1|clk[0]'
Slack : 12.782
TNS   : 0.000

Type  : Fast 1200mV 0C Model Hold 'clk_50M'
Slack : 0.124
TNS   : 0.000

Type  : Fast 1200mV 0C Model Hold 'u_my_PLL|altpll_component|auto_generated|pll1|clk[0]'
Slack : 0.181
TNS   : 0.000

Type  : Fast 1200mV 0C Model Recovery 'u_my_PLL|altpll_component|auto_generated|pll1|clk[0]'
Slack : 14.068
TNS   : 0.000

Type  : Fast 1200mV 0C Model Recovery 'clk_50M'
Slack : 15.778
TNS   : 0.000

Type  : Fast 1200mV 0C Model Removal 'clk_50M'
Slack : 2.959
TNS   : 0.000

Type  : Fast 1200mV 0C Model Removal 'u_my_PLL|altpll_component|auto_generated|pll1|clk[0]'
Slack : 4.528
TNS   : 0.000

Type  : Fast 1200mV 0C Model Minimum Pulse Width 'clk_50M'
Slack : 9.371
TNS   : 0.000

Type  : Fast 1200mV 0C Model Minimum Pulse Width 'u_my_PLL|altpll_component|auto_generated|pll1|clk[0]'
Slack : 49999.780
TNS   : 0.000

------------------------------------------------------------
