------------------------------------------------------------
Timing Analyzer Summary
------------------------------------------------------------

Type  : Slow 1200mV 85C Model Setup 'u_my_PLL|altpll_component|auto_generated|pll1|clk[0]'
Slack : 7.593
TNS   : 0.000

Type  : Slow 1200mV 85C Model Setup 'clk_50M'
Slack : 8.312
TNS   : 0.000

Type  : Slow 1200mV 85C Model Hold 'clk_50M'
Slack : 0.404
TNS   : 0.000

Type  : Slow 1200mV 85C Model Hold 'u_my_PLL|altpll_component|auto_generated|pll1|clk[0]'
Slack : 0.405
TNS   : 0.000

Type  : Slow 1200mV 85C Model Recovery 'u_my_PLL|altpll_component|auto_generated|pll1|clk[0]'
Slack : 10.567
TNS   : 0.000

Type  : Slow 1200mV 85C Model Recovery 'clk_50M'
Slack : 13.113
TNS   : 0.000

Type  : Slow 1200mV 85C Model Removal 'clk_50M'
Slack : 5.052
TNS   : 0.000

Type  : Slow 1200mV 85C Model Removal 'u_my_PLL|altpll_component|auto_generated|pll1|clk[0]'
Slack : 7.393
TNS   : 0.000

Type  : Slow 1200mV 85C Model Minimum Pulse Width 'clk_50M'
Slack : 9.733
TNS   : 0.000

Type  : Slow 1200mV 85C Model Minimum Pulse Width 'u_my_PLL|altpll_component|auto_generated|pll1|clk[0]'
Slack : 49999.708
TNS   : 0.000

Type  : Slow 1200mV 0C Model Setup 'u_my_PLL|altpll_component|auto_generated|pll1|clk[0]'
Slack : 8.870
TNS   : 0.000

Type  : Slow 1200mV 0C Model Setup 'clk_50M'
Slack : 9.215
TNS   : 0.000

Type  : Slow 1200mV 0C Model Hold 'clk_50M'
Slack : 0.356
TNS   : 0.000

Type  : Slow 1200mV 0C Model Hold 'u_my_PLL|altpll_component|auto_generated|pll1|clk[0]'
Slack : 0.357
TNS   : 0.000

Type  : Slow 1200mV 0C Model Recovery 'u_my_PLL|altpll_component|auto_generated|pll1|clk[0]'
Slack : 11.521
TNS   : 0.000

Type  : Slow 1200mV 0C Model Recovery 'clk_50M'
Slack : 13.727
TNS   : 0.000

Type  : Slow 1200mV 0C Model Removal 'clk_50M'
Slack : 4.743
TNS   : 0.000

Type  : Slow 1200mV 0C Model Removal 'u_my_PLL|altpll_component|auto_generated|pll1|clk[0]'
Slack : 6.766
TNS   : 0.000

Type  : Slow 1200mV 0C Model Minimum Pulse Width 'clk_50M'
Slack : 9.748
TNS   : 0.000

Type  : Slow 1200mV 0C Model Minimum Pulse Width 'u_my_PLL|altpll_component|auto_generated|pll1|clk[0]'
Slack : 49999.708
TNS   : 0.000

Type  : Fast 1200mV 0C Model Setup 'clk_50M'
Slack : 11.474
TNS   : 0.000

Type  : Fast 1200mV 0C Model Setup 'u_my_PLL|altpll_component|auto_generated|pll1|clk[0]'
Slack : 12.044
TNS   : 0.000

Type  : Fast 1200mV 0C Model Hold 'clk_50M'
Slack : 0.184
TNS   : 0.000

Type  : Fast 1200mV 0C Model Hold 'u_my_PLL|altpll_component|auto_generated|pll1|clk[0]'
Slack : 0.184
TNS   : 0.000

Type  : Fast 1200mV 0C Model Recovery 'u_my_PLL|altpll_component|auto_generated|pll1|clk[0]'
Slack : 13.689
TNS   : 0.000

Type  : Fast 1200mV 0C Model Recovery 'clk_50M'
Slack : 15.083
TNS   : 0.000

Type  : Fast 1200mV 0C Model Removal 'clk_50M'
Slack : 3.476
TNS   : 0.000

Type  : Fast 1200mV 0C Model Removal 'u_my_PLL|altpll_component|auto_generated|pll1|clk[0]'
Slack : 4.786
TNS   : 0.000

Type  : Fast 1200mV 0C Model Minimum Pulse Width 'clk_50M'
Slack : 9.437
TNS   : 0.000

Type  : Fast 1200mV 0C Model Minimum Pulse Width 'u_my_PLL|altpll_component|auto_generated|pll1|clk[0]'
Slack : 49999.780
TNS   : 0.000

------------------------------------------------------------
